make[1]: Entering directory `/home/brain/misc/beryllium/trunk'

Building ioquake3 in build/release-linux-x86_64:
  PLATFORM: linux
  ARCH: x86_64
  VERSION: 1.5_SVN66M
  COMPILE_PLATFORM: linux
  COMPILE_ARCH: x86_64
  CC: cc

  CFLAGS:
    -O2
    -march=native
    -Wa,-mtune=core2
    -MMD
    -Wall
    -fno-strict-aliasing
    -Wimplicit
    -Wstrict-prototypes
    -pipe
    -DUSE_ICON
    -D_GNU_SOURCE=1
    -D_REENTRANT
    -I/usr/include/SDL
    -DUSE_OPENAL
    -DUSE_OPENAL_DLOPEN
    -DUSE_CURL
    -DUSE_CURL_DLOPEN
    -DUSE_CODEC_VORBIS
    -DUSE_CIN_THEORA
    -DUSE_CIN_THEORA
    -DUSE_MUMBLE
    -DUSE_VOIP
    -DDEFAULT_BASEDIR="/usr/share/games/worldofpadman"
    -DSTANDALONE
    -DPRODUCT_VERSION="1.5_SVN66M"
    -DNDEBUG
    -O3
    -fomit-frame-pointer
    -ffast-math
    -funroll-loops
    -falign-loops=2
    -falign-jumps=2
    -falign-functions=2
    -fstrength-reduce

  LDFLAGS:
    -Wl,-O2
    -Wl,--as-needed

  LIBS:
    -ldl
    -lm

  CLIENT_LIBS:
    -lSDL
    -lpthread
    -lGL
    -lvorbisfile
    -lvorbis
    -logg
    -lrt
    -lspeex

  Output:
    build/release-linux-x86_64/baseq3/vm/cgame.qvm
    build/release-linux-x86_64/baseq3/vm/qagame.qvm
    build/release-linux-x86_64/baseq3/vm/ui.qvm

make[2]: Entering directory `/home/brain/misc/beryllium/trunk'
make[2]: »build/release-linux-x86_64/baseq3/vm/cgame.qvm« ist bereits aktualisiert.
build/release-linux-x86_64/tools/q3lcc -DQAGAME -DBERYLLIUM_VERSION=\"0.07a-r66M\" -o build/release-linux-x86_64/baseq3/game/be_util.asm code/game/be_util.c
build/release-linux-x86_64/tools/q3asm -o build/release-linux-x86_64/baseq3/vm/qagame.qvm build/release-linux-x86_64/baseq3/game/g_main.asm build/release-linux-x86_64/baseq3/game/ai_chat.asm build/release-linux-x86_64/baseq3/game/ai_cmd.asm build/release-linux-x86_64/baseq3/game/ai_dmnet.asm build/release-linux-x86_64/baseq3/game/ai_dmq3.asm build/release-linux-x86_64/baseq3/game/ai_main.asm build/release-linux-x86_64/baseq3/game/ai_team.asm build/release-linux-x86_64/baseq3/game/ai_vcmd.asm build/release-linux-x86_64/baseq3/game/bg_misc.asm build/release-linux-x86_64/baseq3/game/bg_pmove.asm build/release-linux-x86_64/baseq3/game/bg_slidemove.asm build/release-linux-x86_64/baseq3/game/bg_lib.asm build/release-linux-x86_64/baseq3/game/g_active.asm build/release-linux-x86_64/baseq3/game/g_arenas.asm build/release-linux-x86_64/baseq3/game/g_bot.asm build/release-linux-x86_64/baseq3/game/g_client.asm build/release-linux-x86_64/baseq3/game/g_cmds.asm build/release-linux-x86_64/baseq3/game/g_combat.asm build/release-linux-x86_64/baseq3/game/g_ctlitems.asm build/release-linux-x86_64/baseq3/game/g_items.asm build/release-linux-x86_64/baseq3/game/g_mem.asm build/release-linux-x86_64/baseq3/game/g_misc.asm build/release-linux-x86_64/baseq3/game/g_missile.asm build/release-linux-x86_64/baseq3/game/g_modifiers.asm build/release-linux-x86_64/baseq3/game/g_mover.asm build/release-linux-x86_64/baseq3/game/g_session.asm build/release-linux-x86_64/baseq3/game/g_spawn.asm build/release-linux-x86_64/baseq3/game/g_stations.asm build/release-linux-x86_64/baseq3/game/g_svcmds.asm build/release-linux-x86_64/baseq3/game/g_target.asm build/release-linux-x86_64/baseq3/game/g_team.asm build/release-linux-x86_64/baseq3/game/g_trigger.asm build/release-linux-x86_64/baseq3/game/g_utils.asm build/release-linux-x86_64/baseq3/game/g_weapon.asm build/release-linux-x86_64/baseq3/game/wopg_sphandling.asm build/release-linux-x86_64/baseq3/game/wopg_spstoryfiles.asm build/release-linux-x86_64/baseq3/game/g_beryllium.asm build/release-linux-x86_64/baseq3/game/be_util.asm build/release-linux-x86_64/baseq3/game/be_cmds.asm build/release-linux-x86_64/baseq3/game/be_svcmds.asm build/release-linux-x86_64/baseq3/game/be_vote.asm build/release-linux-x86_64/baseq3/qcommon/q_math.asm build/release-linux-x86_64/baseq3/qcommon/q_shared.asm code/game/g_syscalls.asm
build/release-linux-x86_64/tools/q3lcc -DUI -o build/release-linux-x86_64/baseq3/ui/ui_main.asm code/q3_ui/ui_main.c
build/release-linux-x86_64/tools/q3lcc -DUI -o build/release-linux-x86_64/baseq3/ui/bg_misc.asm code/game/bg_misc.c
build/release-linux-x86_64/tools/q3lcc -DUI -o build/release-linux-x86_64/baseq3/ui/bg_lib.asm code/game/bg_lib.c
build/release-linux-x86_64/tools/q3lcc -DUI -o build/release-linux-x86_64/baseq3/ui/ui_addbots.asm code/q3_ui/ui_addbots.c
build/release-linux-x86_64/tools/q3lcc -DUI -o build/release-linux-x86_64/baseq3/ui/ui_atoms.asm code/q3_ui/ui_atoms.c
code/q3_ui/ui_atoms.c:1031: warning: overflow in converting constant expression from `int' to `unsigned int'
code/q3_ui/ui_atoms.c:1045: warning: overflow in converting constant expression from `int' to `unsigned int'
build/release-linux-x86_64/tools/q3lcc -DUI -o build/release-linux-x86_64/baseq3/ui/ui_callvote.asm code/q3_ui/ui_callvote.c
code/q3_ui/ui_callvote.c:181: warning: overflow in converting constant expression from `int' to `unsigned int'
code/q3_ui/ui_callvote.c:237: warning: overflow in converting constant expression from `int' to `unsigned int'
code/q3_ui/ui_callvote.c:238: warning: overflow in converting constant expression from `int' to `unsigned int'
code/q3_ui/ui_callvote.c:241: warning: overflow in converting constant expression from `int' to `unsigned int'
code/q3_ui/ui_callvote.c:243: warning: overflow in converting constant expression from `int' to `unsigned int'
code/q3_ui/ui_callvote.c:301: warning: overflow in converting constant expression from `int' to `unsigned int'
code/q3_ui/ui_callvote.c:403: warning: overflow in converting constant expression from `int' to `unsigned int'
code/q3_ui/ui_callvote.c:409: warning: overflow in converting constant expression from `int' to `unsigned int'
code/q3_ui/ui_callvote.c:460: warning: overflow in converting constant expression from `int' to `unsigned int'
code/q3_ui/ui_callvote.c:461: warning: overflow in converting constant expression from `int' to `unsigned int'
build/release-linux-x86_64/tools/q3lcc -DUI -o build/release-linux-x86_64/baseq3/ui/ui_cdkey.asm code/q3_ui/ui_cdkey.c
build/release-linux-x86_64/tools/q3lcc -DUI -o build/release-linux-x86_64/baseq3/ui/ui_cinematics.asm code/q3_ui/ui_cinematics.c
build/release-linux-x86_64/tools/q3lcc -DUI -o build/release-linux-x86_64/baseq3/ui/ui_confirm.asm code/q3_ui/ui_confirm.c
build/release-linux-x86_64/tools/q3lcc -DUI -o build/release-linux-x86_64/baseq3/ui/ui_connect.asm code/q3_ui/ui_connect.c
build/release-linux-x86_64/tools/q3lcc -DUI -o build/release-linux-x86_64/baseq3/ui/ui_controls2.asm code/q3_ui/ui_controls2.c
code/q3_ui/ui_controls2.c:605: warning: overflow in converting constant expression from `int' to `unsigned int'
code/q3_ui/ui_controls2.c:627: warning: overflow in converting constant expression from `int' to `unsigned int'
code/q3_ui/ui_controls2.c:630: warning: overflow in converting constant expression from `int' to `unsigned int'
code/q3_ui/ui_controls2.c:637: warning: overflow in converting constant expression from `int' to `unsigned int'
code/q3_ui/ui_controls2.c:641: warning: overflow in converting constant expression from `int' to `unsigned int'
code/q3_ui/ui_controls2.c:642: warning: overflow in converting constant expression from `int' to `unsigned int'
code/q3_ui/ui_controls2.c:643: warning: overflow in converting constant expression from `int' to `unsigned int'
code/q3_ui/ui_controls2.c:644: warning: overflow in converting constant expression from `int' to `unsigned int'
build/release-linux-x86_64/tools/q3lcc -DUI -o build/release-linux-x86_64/baseq3/ui/ui_credits.asm code/q3_ui/ui_credits.c
build/release-linux-x86_64/tools/q3lcc -DUI -o build/release-linux-x86_64/baseq3/ui/ui_demo2.asm code/q3_ui/ui_demo2.c
build/release-linux-x86_64/tools/q3lcc -DUI -o build/release-linux-x86_64/baseq3/ui/ui_display.asm code/q3_ui/ui_display.c
build/release-linux-x86_64/tools/q3lcc -DUI -o build/release-linux-x86_64/baseq3/ui/ui_exit.asm code/q3_ui/ui_exit.c
build/release-linux-x86_64/tools/q3lcc -DUI -o build/release-linux-x86_64/baseq3/ui/ui_gameinfo.asm code/q3_ui/ui_gameinfo.c
build/release-linux-x86_64/tools/q3lcc -DUI -o build/release-linux-x86_64/baseq3/ui/ui_ingame.asm code/q3_ui/ui_ingame.c
build/release-linux-x86_64/tools/q3lcc -DUI -o build/release-linux-x86_64/baseq3/ui/ui_loadconfig.asm code/q3_ui/ui_loadconfig.c
build/release-linux-x86_64/tools/q3lcc -DUI -o build/release-linux-x86_64/baseq3/ui/ui_mediaview.asm code/q3_ui/ui_mediaview.c
build/release-linux-x86_64/tools/q3lcc -DUI -o build/release-linux-x86_64/baseq3/ui/ui_menu.asm code/q3_ui/ui_menu.c
build/release-linux-x86_64/tools/q3lcc -DUI -o build/release-linux-x86_64/baseq3/ui/ui_mfield.asm code/q3_ui/ui_mfield.c
build/release-linux-x86_64/tools/q3lcc -DUI -o build/release-linux-x86_64/baseq3/ui/ui_mods.asm code/q3_ui/ui_mods.c
build/release-linux-x86_64/tools/q3lcc -DUI -o build/release-linux-x86_64/baseq3/ui/ui_music.asm code/q3_ui/ui_music.c
code/q3_ui/ui_music.c:777: warning: overflow in converting constant expression from `int' to `unsigned int'
build/release-linux-x86_64/tools/q3lcc -DUI -o build/release-linux-x86_64/baseq3/ui/ui_network.asm code/q3_ui/ui_network.c
build/release-linux-x86_64/tools/q3lcc -DUI -o build/release-linux-x86_64/baseq3/ui/ui_options.asm code/q3_ui/ui_options.c
build/release-linux-x86_64/tools/q3lcc -DUI -o build/release-linux-x86_64/baseq3/ui/ui_playermodel.asm code/q3_ui/ui_playermodel.c
code/q3_ui/ui_playermodel.c:108: warning: overflow in converting constant expression from `int' to `unsigned int'
code/q3_ui/ui_playermodel.c:117: warning: overflow in converting constant expression from `int' to `unsigned int'
code/q3_ui/ui_playermodel.c:128: warning: overflow in converting constant expression from `int' to `unsigned int'
code/q3_ui/ui_playermodel.c:134: warning: overflow in converting constant expression from `int' to `unsigned int'
code/q3_ui/ui_playermodel.c:139: warning: overflow in converting constant expression from `int' to `unsigned int'
code/q3_ui/ui_playermodel.c:307: warning: overflow in converting constant expression from `int' to `unsigned int'
code/q3_ui/ui_playermodel.c:314: warning: overflow in converting constant expression from `int' to `unsigned int'
build/release-linux-x86_64/tools/q3lcc -DUI -o build/release-linux-x86_64/baseq3/ui/ui_players.asm code/q3_ui/ui_players.c
build/release-linux-x86_64/tools/q3lcc -DUI -o build/release-linux-x86_64/baseq3/ui/ui_playersettings.asm code/q3_ui/ui_playersettings.c
code/q3_ui/ui_playersettings.c:623: warning: overflow in converting constant expression from `int' to `unsigned int'
build/release-linux-x86_64/tools/q3lcc -DUI -o build/release-linux-x86_64/baseq3/ui/ui_preferences.asm code/q3_ui/ui_preferences.c
code/q3_ui/ui_preferences.c:195: warning: overflow in converting constant expression from `int' to `unsigned int'
build/release-linux-x86_64/tools/q3lcc -DUI -o build/release-linux-x86_64/baseq3/ui/ui_qmenu.asm code/q3_ui/ui_qmenu.c
code/q3_ui/ui_qmenu.c:1544: warning: overflow in converting constant expression from `int' to `unsigned int'
build/release-linux-x86_64/tools/q3lcc -DUI -o build/release-linux-x86_64/baseq3/ui/ui_removebots.asm code/q3_ui/ui_removebots.c
build/release-linux-x86_64/tools/q3lcc -DUI -o build/release-linux-x86_64/baseq3/ui/ui_saveconfig.asm code/q3_ui/ui_saveconfig.c
build/release-linux-x86_64/tools/q3lcc -DUI -o build/release-linux-x86_64/baseq3/ui/ui_serverinfo.asm code/q3_ui/ui_serverinfo.c
build/release-linux-x86_64/tools/q3lcc -DUI -o build/release-linux-x86_64/baseq3/ui/ui_servers2.asm code/q3_ui/ui_servers2.c
code/q3_ui/ui_servers2.c:431: warning: overflow in converting constant expression from `int' to `unsigned int'
code/q3_ui/ui_servers2.c:432: warning: overflow in converting constant expression from `int' to `unsigned int'
code/q3_ui/ui_servers2.c:433: warning: overflow in converting constant expression from `int' to `unsigned int'
code/q3_ui/ui_servers2.c:434: warning: overflow in converting constant expression from `int' to `unsigned int'
code/q3_ui/ui_servers2.c:435: warning: overflow in converting constant expression from `int' to `unsigned int'
code/q3_ui/ui_servers2.c:436: warning: overflow in converting constant expression from `int' to `unsigned int'
code/q3_ui/ui_servers2.c:437: warning: overflow in converting constant expression from `int' to `unsigned int'
code/q3_ui/ui_servers2.c:438: warning: overflow in converting constant expression from `int' to `unsigned int'
code/q3_ui/ui_servers2.c:439: warning: overflow in converting constant expression from `int' to `unsigned int'
code/q3_ui/ui_servers2.c:440: warning: overflow in converting constant expression from `int' to `unsigned int'
code/q3_ui/ui_servers2.c:487: warning: overflow in converting constant expression from `int' to `unsigned int'
code/q3_ui/ui_servers2.c:488: warning: overflow in converting constant expression from `int' to `unsigned int'
code/q3_ui/ui_servers2.c:489: warning: overflow in converting constant expression from `int' to `unsigned int'
code/q3_ui/ui_servers2.c:490: warning: overflow in converting constant expression from `int' to `unsigned int'
code/q3_ui/ui_servers2.c:491: warning: overflow in converting constant expression from `int' to `unsigned int'
code/q3_ui/ui_servers2.c:492: warning: overflow in converting constant expression from `int' to `unsigned int'
code/q3_ui/ui_servers2.c:493: warning: overflow in converting constant expression from `int' to `unsigned int'
code/q3_ui/ui_servers2.c:495: warning: overflow in converting constant expression from `int' to `unsigned int'
code/q3_ui/ui_servers2.c:1226: warning: overflow in converting constant expression from `int' to `unsigned int'
code/q3_ui/ui_servers2.c:1227: warning: overflow in converting constant expression from `int' to `unsigned int'
code/q3_ui/ui_servers2.c:1239: warning: overflow in converting constant expression from `int' to `unsigned int'
code/q3_ui/ui_servers2.c:1240: warning: overflow in converting constant expression from `int' to `unsigned int'
code/q3_ui/ui_servers2.c:1247: warning: overflow in converting constant expression from `int' to `unsigned int'
build/release-linux-x86_64/tools/q3lcc -DUI -o build/release-linux-x86_64/baseq3/ui/ui_setup.asm code/q3_ui/ui_setup.c
build/release-linux-x86_64/tools/q3lcc -DUI -o build/release-linux-x86_64/baseq3/ui/ui_sound.asm code/q3_ui/ui_sound.c
code/q3_ui/ui_sound.c:92: warning: overflow in converting constant expression from `int' to `unsigned int'
code/q3_ui/ui_sound.c:101: warning: overflow in converting constant expression from `int' to `unsigned int'
code/q3_ui/ui_sound.c:111: warning: overflow in converting constant expression from `int' to `unsigned int'
code/q3_ui/ui_sound.c:112: warning: overflow in converting constant expression from `int' to `unsigned int'
code/q3_ui/ui_sound.c:117: warning: overflow in converting constant expression from `int' to `unsigned int'
code/q3_ui/ui_sound.c:205: warning: overflow in converting constant expression from `int' to `unsigned int'
build/release-linux-x86_64/tools/q3lcc -DUI -o build/release-linux-x86_64/baseq3/ui/ui_sparena.asm code/q3_ui/ui_sparena.c
build/release-linux-x86_64/tools/q3lcc -DUI -o build/release-linux-x86_64/baseq3/ui/ui_specifyserver.asm code/q3_ui/ui_specifyserver.c
build/release-linux-x86_64/tools/q3lcc -DUI -o build/release-linux-x86_64/baseq3/ui/ui_splevel.asm code/q3_ui/ui_splevel.c
code/q3_ui/ui_splevel.c:223: warning: overflow in converting constant expression from `int' to `unsigned int'
code/q3_ui/ui_splevel.c:226: warning: overflow in converting constant expression from `int' to `unsigned int'
code/q3_ui/ui_splevel.c:313: warning: overflow in converting constant expression from `int' to `unsigned int'
code/q3_ui/ui_splevel.c:320: warning: overflow in converting constant expression from `int' to `unsigned int'
build/release-linux-x86_64/tools/q3lcc -DUI -o build/release-linux-x86_64/baseq3/ui/ui_sppostgame.asm code/q3_ui/ui_sppostgame.c
code/q3_ui/ui_sppostgame.c:350: warning: overflow in converting constant expression from `int' to `unsigned int'
code/q3_ui/ui_sppostgame.c:351: warning: overflow in converting constant expression from `int' to `unsigned int'
code/q3_ui/ui_sppostgame.c:352: warning: overflow in converting constant expression from `int' to `unsigned int'
build/release-linux-x86_64/tools/q3lcc -DUI -o build/release-linux-x86_64/baseq3/ui/ui_spskill.asm code/q3_ui/ui_spskill.c
build/release-linux-x86_64/tools/q3lcc -DUI -o build/release-linux-x86_64/baseq3/ui/ui_startserver2.asm code/q3_ui/ui_startserver2.c
code/q3_ui/ui_startserver2.c:214: warning: overflow in converting constant expression from `int' to `unsigned int'
code/q3_ui/ui_startserver2.c:228: warning: overflow in converting constant expression from `int' to `unsigned int'
code/q3_ui/ui_startserver2.c:344: warning: overflow in converting constant expression from `int' to `unsigned int'
code/q3_ui/ui_startserver2.c:349: warning: overflow in converting constant expression from `int' to `unsigned int'
code/q3_ui/ui_startserver2.c:1139: warning: overflow in converting constant expression from `int' to `unsigned int'
code/q3_ui/ui_startserver2.c:1148: warning: overflow in converting constant expression from `int' to `unsigned int'
code/q3_ui/ui_startserver2.c:1156: warning: overflow in converting constant expression from `int' to `unsigned int'
code/q3_ui/ui_startserver2.c:1160: warning: overflow in converting constant expression from `int' to `unsigned int'
code/q3_ui/ui_startserver2.c:1167: warning: overflow in converting constant expression from `int' to `unsigned int'
code/q3_ui/ui_startserver2.c:1300: warning: overflow in converting constant expression from `int' to `unsigned int'
code/q3_ui/ui_startserver2.c:1309: warning: overflow in converting constant expression from `int' to `unsigned int'
code/q3_ui/ui_startserver2.c:1332: warning: overflow in converting constant expression from `int' to `unsigned int'
code/q3_ui/ui_startserver2.c:1360: warning: overflow in converting constant expression from `int' to `unsigned int'
code/q3_ui/ui_startserver2.c:1367: warning: overflow in converting constant expression from `int' to `unsigned int'
build/release-linux-x86_64/tools/q3lcc -DUI -o build/release-linux-x86_64/baseq3/ui/ui_team.asm code/q3_ui/ui_team.c
build/release-linux-x86_64/tools/q3lcc -DUI -o build/release-linux-x86_64/baseq3/ui/ui_teamorders.asm code/q3_ui/ui_teamorders.c
build/release-linux-x86_64/tools/q3lcc -DUI -o build/release-linux-x86_64/baseq3/ui/ui_video.asm code/q3_ui/ui_video.c
code/q3_ui/ui_video.c:348: warning: overflow in converting constant expression from `int' to `unsigned int'
code/q3_ui/ui_video.c:352: warning: overflow in converting constant expression from `int' to `unsigned int'
code/q3_ui/ui_video.c:356: warning: overflow in converting constant expression from `int' to `unsigned int'
code/q3_ui/ui_video.c:360: warning: overflow in converting constant expression from `int' to `unsigned int'
code/q3_ui/ui_video.c:364: warning: overflow in converting constant expression from `int' to `unsigned int'
code/q3_ui/ui_video.c:368: warning: overflow in converting constant expression from `int' to `unsigned int'
code/q3_ui/ui_video.c:372: warning: overflow in converting constant expression from `int' to `unsigned int'
code/q3_ui/ui_video.c:376: warning: overflow in converting constant expression from `int' to `unsigned int'
code/q3_ui/ui_video.c:379: warning: overflow in converting constant expression from `int' to `unsigned int'
code/q3_ui/ui_video.c:382: warning: overflow in converting constant expression from `int' to `unsigned int'
code/q3_ui/ui_video.c:385: warning: overflow in converting constant expression from `int' to `unsigned int'
build/release-linux-x86_64/tools/q3lcc -DUI -o build/release-linux-x86_64/baseq3/ui/ui_wopsp.asm code/q3_ui/ui_wopsp.c
build/release-linux-x86_64/tools/q3lcc -DUI -o build/release-linux-x86_64/baseq3/ui/wopg_sphandling.asm code/game/wopg_sphandling.c
build/release-linux-x86_64/tools/q3lcc -DUI -o build/release-linux-x86_64/baseq3/ui/wopg_spstoryfiles.asm code/game/wopg_spstoryfiles.c
build/release-linux-x86_64/tools/q3lcc -DUI -o build/release-linux-x86_64/baseq3/ui/wopc_advanced2d.asm code/cgame/wopc_advanced2d.c
build/release-linux-x86_64/tools/q3lcc -DUI -o build/release-linux-x86_64/baseq3/ui/ui_help.asm code/q3_ui/ui_help.c
code/q3_ui/ui_help.c:98: warning: overflow in converting constant expression from `int' to `unsigned int'
code/q3_ui/ui_help.c:99: warning: overflow in converting constant expression from `int' to `unsigned int'
build/release-linux-x86_64/tools/q3lcc -DUI -o build/release-linux-x86_64/baseq3/ui/ui_voicechat.asm code/q3_ui/ui_voicechat.c
code/q3_ui/ui_voicechat.c:96: warning: overflow in converting constant expression from `int' to `unsigned int'
code/q3_ui/ui_voicechat.c:101: warning: overflow in converting constant expression from `int' to `unsigned int'
build/release-linux-x86_64/tools/q3asm -o build/release-linux-x86_64/baseq3/vm/ui.qvm build/release-linux-x86_64/baseq3/ui/ui_main.asm build/release-linux-x86_64/baseq3/ui/bg_misc.asm build/release-linux-x86_64/baseq3/ui/bg_lib.asm build/release-linux-x86_64/baseq3/ui/ui_addbots.asm build/release-linux-x86_64/baseq3/ui/ui_atoms.asm build/release-linux-x86_64/baseq3/ui/ui_callvote.asm build/release-linux-x86_64/baseq3/ui/ui_cdkey.asm build/release-linux-x86_64/baseq3/ui/ui_cinematics.asm build/release-linux-x86_64/baseq3/ui/ui_confirm.asm build/release-linux-x86_64/baseq3/ui/ui_connect.asm build/release-linux-x86_64/baseq3/ui/ui_controls2.asm build/release-linux-x86_64/baseq3/ui/ui_credits.asm build/release-linux-x86_64/baseq3/ui/ui_demo2.asm build/release-linux-x86_64/baseq3/ui/ui_display.asm build/release-linux-x86_64/baseq3/ui/ui_exit.asm build/release-linux-x86_64/baseq3/ui/ui_gameinfo.asm build/release-linux-x86_64/baseq3/ui/ui_ingame.asm build/release-linux-x86_64/baseq3/ui/ui_loadconfig.asm build/release-linux-x86_64/baseq3/ui/ui_mediaview.asm build/release-linux-x86_64/baseq3/ui/ui_menu.asm build/release-linux-x86_64/baseq3/ui/ui_mfield.asm build/release-linux-x86_64/baseq3/ui/ui_mods.asm build/release-linux-x86_64/baseq3/ui/ui_music.asm build/release-linux-x86_64/baseq3/ui/ui_network.asm build/release-linux-x86_64/baseq3/ui/ui_options.asm build/release-linux-x86_64/baseq3/ui/ui_playermodel.asm build/release-linux-x86_64/baseq3/ui/ui_players.asm build/release-linux-x86_64/baseq3/ui/ui_playersettings.asm build/release-linux-x86_64/baseq3/ui/ui_preferences.asm build/release-linux-x86_64/baseq3/ui/ui_qmenu.asm build/release-linux-x86_64/baseq3/ui/ui_removebots.asm build/release-linux-x86_64/baseq3/ui/ui_saveconfig.asm build/release-linux-x86_64/baseq3/ui/ui_serverinfo.asm build/release-linux-x86_64/baseq3/ui/ui_servers2.asm build/release-linux-x86_64/baseq3/ui/ui_setup.asm build/release-linux-x86_64/baseq3/ui/ui_sound.asm build/release-linux-x86_64/baseq3/ui/ui_sparena.asm build/release-linux-x86_64/baseq3/ui/ui_specifyserver.asm build/release-linux-x86_64/baseq3/ui/ui_splevel.asm build/release-linux-x86_64/baseq3/ui/ui_sppostgame.asm build/release-linux-x86_64/baseq3/ui/ui_spskill.asm build/release-linux-x86_64/baseq3/ui/ui_startserver2.asm build/release-linux-x86_64/baseq3/ui/ui_team.asm build/release-linux-x86_64/baseq3/ui/ui_teamorders.asm build/release-linux-x86_64/baseq3/ui/ui_video.asm build/release-linux-x86_64/baseq3/ui/ui_wopsp.asm build/release-linux-x86_64/baseq3/ui/wopg_sphandling.asm build/release-linux-x86_64/baseq3/ui/wopg_spstoryfiles.asm build/release-linux-x86_64/baseq3/ui/wopc_advanced2d.asm build/release-linux-x86_64/baseq3/ui/ui_help.asm build/release-linux-x86_64/baseq3/ui/ui_voicechat.asm build/release-linux-x86_64/baseq3/qcommon/q_math.asm build/release-linux-x86_64/baseq3/qcommon/q_shared.asm code/ui/ui_syscalls.asm
make[2]: Leaving directory `/home/brain/misc/beryllium/trunk'
make[1]: Leaving directory `/home/brain/misc/beryllium/trunk'
